2025-08-09T13:14:02: PM2 log: ===============================================================================
2025-08-09T13:14:02: PM2 log: --- New PM2 Daemon started ----------------------------------------------------
2025-08-09T13:14:02: PM2 log: Time                 : Sat Aug 09 2025 13:14:02 GMT+0000 (Coordinated Universal Time)
2025-08-09T13:14:02: PM2 log: PM2 version          : 6.0.8
2025-08-09T13:14:02: PM2 log: Node.js version      : 18.20.8
2025-08-09T13:14:02: PM2 log: Current arch         : x64
2025-08-09T13:14:02: PM2 log: PM2 home             : /home/rsudmlb/.pm2
2025-08-09T13:14:02: PM2 log: PM2 PID file         : /home/rsudmlb/.pm2/pm2.pid
2025-08-09T13:14:02: PM2 log: RPC socket file      : /home/rsudmlb/.pm2/rpc.sock
2025-08-09T13:14:02: PM2 log: BUS socket file      : /home/rsudmlb/.pm2/pub.sock
2025-08-09T13:14:02: PM2 log: Application log path : /home/rsudmlb/.pm2/logs
2025-08-09T13:14:02: PM2 log: Worker Interval      : 30000
2025-08-09T13:14:02: PM2 log: Process dump file    : /home/rsudmlb/.pm2/dump.pm2
2025-08-09T13:14:02: PM2 log: Concurrent actions   : 2
2025-08-09T13:14:02: PM2 log: SIGTERM timeout      : 1600
2025-08-09T13:14:02: PM2 log: Runtime Binary       : /usr/local/bin/node
2025-08-09T13:14:02: PM2 log: ===============================================================================
2025-08-16T06:11:01: PM2 log: ===============================================================================
2025-08-16T06:11:01: PM2 log: --- New PM2 Daemon started ----------------------------------------------------
2025-08-16T06:11:01: PM2 log: Time                 : Sat Aug 16 2025 06:11:01 GMT+0000 (Coordinated Universal Time)
2025-08-16T06:11:01: PM2 log: PM2 version          : 6.0.8
2025-08-16T06:11:01: PM2 log: Node.js version      : 18.20.8
2025-08-16T06:11:01: PM2 log: Current arch         : x64
2025-08-16T06:11:01: PM2 log: PM2 home             : /home/rsudmlb/.pm2
2025-08-16T06:11:01: PM2 log: PM2 PID file         : /home/rsudmlb/.pm2/pm2.pid
2025-08-16T06:11:01: PM2 log: RPC socket file      : /home/rsudmlb/.pm2/rpc.sock
2025-08-16T06:11:01: PM2 log: BUS socket file      : /home/rsudmlb/.pm2/pub.sock
2025-08-16T06:11:01: PM2 log: Application log path : /home/rsudmlb/.pm2/logs
2025-08-16T06:11:01: PM2 log: Worker Interval      : 30000
2025-08-16T06:11:01: PM2 log: Process dump file    : /home/rsudmlb/.pm2/dump.pm2
2025-08-16T06:11:01: PM2 log: Concurrent actions   : 2
2025-08-16T06:11:01: PM2 log: SIGTERM timeout      : 1600
2025-08-16T06:11:01: PM2 log: Runtime Binary       : /usr/local/bin/node
2025-08-16T06:11:01: PM2 log: ===============================================================================
2025-09-02T06:11:02: PM2 log: [PM2] This PM2 is not UP TO DATE
2025-09-02T06:11:02: PM2 log: [PM2] Upgrade to version 6.0.9
2025-09-03T06:11:03: PM2 log: [PM2] This PM2 is not UP TO DATE
2025-09-03T06:11:03: PM2 log: [PM2] Upgrade to version 6.0.10
2025-09-04T06:11:03: PM2 log: [PM2] This PM2 is not UP TO DATE
2025-09-04T06:11:03: PM2 log: [PM2] Upgrade to version 6.0.10
2025-09-05T06:11:02: PM2 log: [PM2] This PM2 is not UP TO DATE
2025-09-05T06:11:02: PM2 log: [PM2] Upgrade to version 6.0.10
2025-09-06T06:11:03: PM2 log: [PM2] This PM2 is not UP TO DATE
2025-09-06T06:11:03: PM2 log: [PM2] Upgrade to version 6.0.10
2025-09-07T06:11:03: PM2 log: [PM2] This PM2 is not UP TO DATE
2025-09-07T06:11:03: PM2 log: [PM2] Upgrade to version 6.0.10
2025-09-08T06:11:02: PM2 log: [PM2] This PM2 is not UP TO DATE
2025-09-08T06:11:02: PM2 log: [PM2] Upgrade to version 6.0.10
2025-09-09T06:11:02: PM2 log: [PM2] This PM2 is not UP TO DATE
2025-09-09T06:11:02: PM2 log: [PM2] Upgrade to version 6.0.10
2025-09-10T06:11:02: PM2 log: [PM2] This PM2 is not UP TO DATE
2025-09-10T06:11:02: PM2 log: [PM2] Upgrade to version 6.0.10
2025-09-11T06:11:02: PM2 log: [PM2] This PM2 is not UP TO DATE
2025-09-11T06:11:02: PM2 log: [PM2] Upgrade to version 6.0.10
2025-09-12T06:11:02: PM2 log: [PM2] This PM2 is not UP TO DATE
2025-09-12T06:11:02: PM2 log: [PM2] Upgrade to version 6.0.10
2025-09-13T06:11:03: PM2 log: [PM2] This PM2 is not UP TO DATE
2025-09-13T06:11:03: PM2 log: [PM2] Upgrade to version 6.0.10
2025-09-14T06:11:03: PM2 log: [PM2] This PM2 is not UP TO DATE
2025-09-14T06:11:03: PM2 log: [PM2] Upgrade to version 6.0.10
2025-09-15T06:11:04: PM2 log: [PM2] This PM2 is not UP TO DATE
2025-09-15T06:11:04: PM2 log: [PM2] Upgrade to version 6.0.10
2025-09-16T06:11:03: PM2 log: [PM2] This PM2 is not UP TO DATE
2025-09-16T06:11:03: PM2 log: [PM2] Upgrade to version 6.0.11
2025-09-17T06:11:03: PM2 log: [PM2] This PM2 is not UP TO DATE
2025-09-17T06:11:03: PM2 log: [PM2] Upgrade to version 6.0.11
2025-09-18T06:11:03: PM2 log: [PM2] This PM2 is not UP TO DATE
2025-09-18T06:11:03: PM2 log: [PM2] Upgrade to version 6.0.11
2025-09-19T06:11:02: PM2 log: [PM2] This PM2 is not UP TO DATE
2025-09-19T06:11:02: PM2 log: [PM2] Upgrade to version 6.0.11
2025-09-20T06:11:02: PM2 log: [PM2] This PM2 is not UP TO DATE
2025-09-20T06:11:02: PM2 log: [PM2] Upgrade to version 6.0.11
2025-09-21T06:11:02: PM2 log: [PM2] This PM2 is not UP TO DATE
2025-09-21T06:11:02: PM2 log: [PM2] Upgrade to version 6.0.11
2025-09-22T06:11:02: PM2 log: [PM2] This PM2 is not UP TO DATE
2025-09-22T06:11:02: PM2 log: [PM2] Upgrade to version 6.0.11
2025-09-23T06:11:03: PM2 log: [PM2] This PM2 is not UP TO DATE
2025-09-23T06:11:03: PM2 log: [PM2] Upgrade to version 6.0.13
2025-09-24T06:11:07: PM2 log: [PM2] This PM2 is not UP TO DATE
2025-09-24T06:11:07: PM2 log: [PM2] Upgrade to version 6.0.13
2025-09-25T06:11:03: PM2 log: [PM2] This PM2 is not UP TO DATE
2025-09-25T06:11:03: PM2 log: [PM2] Upgrade to version 6.0.13
2025-09-26T06:11:03: PM2 log: [PM2] This PM2 is not UP TO DATE
2025-09-26T06:11:03: PM2 log: [PM2] Upgrade to version 6.0.13
2025-09-27T06:11:03: PM2 log: [PM2] This PM2 is not UP TO DATE
2025-09-27T06:11:03: PM2 log: [PM2] Upgrade to version 6.0.13
2025-09-28T06:11:02: PM2 log: [PM2] This PM2 is not UP TO DATE
2025-09-28T06:11:02: PM2 log: [PM2] Upgrade to version 6.0.13
2025-09-29T06:11:03: PM2 log: [PM2] This PM2 is not UP TO DATE
2025-09-29T06:11:03: PM2 log: [PM2] Upgrade to version 6.0.13
2025-09-30T06:11:03: PM2 log: [PM2] This PM2 is not UP TO DATE
2025-09-30T06:11:03: PM2 log: [PM2] Upgrade to version 6.0.13
2025-10-01T06:11:03: PM2 log: [PM2] This PM2 is not UP TO DATE
2025-10-01T06:11:03: PM2 log: [PM2] Upgrade to version 6.0.13
2025-10-02T06:11:03: PM2 log: [PM2] This PM2 is not UP TO DATE
2025-10-02T06:11:03: PM2 log: [PM2] Upgrade to version 6.0.13
2025-10-03T06:11:03: PM2 log: [PM2] This PM2 is not UP TO DATE
2025-10-03T06:11:03: PM2 log: [PM2] Upgrade to version 6.0.13
2025-10-04T06:11:03: PM2 log: [PM2] This PM2 is not UP TO DATE
2025-10-04T06:11:03: PM2 log: [PM2] Upgrade to version 6.0.13
2025-10-05T06:11:03: PM2 log: [PM2] This PM2 is not UP TO DATE
2025-10-05T06:11:03: PM2 log: [PM2] Upgrade to version 6.0.13
2025-10-06T06:11:03: PM2 log: [PM2] This PM2 is not UP TO DATE
2025-10-06T06:11:03: PM2 log: [PM2] Upgrade to version 6.0.13
2025-10-07T06:11:03: PM2 log: [PM2] This PM2 is not UP TO DATE
2025-10-07T06:11:03: PM2 log: [PM2] Upgrade to version 6.0.13
2025-10-08T06:11:03: PM2 log: [PM2] This PM2 is not UP TO DATE
2025-10-08T06:11:03: PM2 log: [PM2] Upgrade to version 6.0.13
2025-10-09T06:11:03: PM2 log: [PM2] This PM2 is not UP TO DATE
2025-10-09T06:11:03: PM2 log: [PM2] Upgrade to version 6.0.13
2025-10-10T06:11:03: PM2 log: [PM2] This PM2 is not UP TO DATE
2025-10-10T06:11:03: PM2 log: [PM2] Upgrade to version 6.0.13
2025-10-11T06:11:03: PM2 log: [PM2] This PM2 is not UP TO DATE
2025-10-11T06:11:03: PM2 log: [PM2] Upgrade to version 6.0.13
2025-10-12T06:11:03: PM2 log: [PM2] This PM2 is not UP TO DATE
2025-10-12T06:11:03: PM2 log: [PM2] Upgrade to version 6.0.13
2025-10-13T06:11:03: PM2 log: [PM2] This PM2 is not UP TO DATE
2025-10-13T06:11:03: PM2 log: [PM2] Upgrade to version 6.0.13
2025-10-14T06:11:03: PM2 log: [PM2] This PM2 is not UP TO DATE
2025-10-14T06:11:03: PM2 log: [PM2] Upgrade to version 6.0.13
2025-10-15T06:11:03: PM2 log: [PM2] This PM2 is not UP TO DATE
2025-10-15T06:11:03: PM2 log: [PM2] Upgrade to version 6.0.13
2025-10-16T06:11:03: PM2 log: [PM2] This PM2 is not UP TO DATE
2025-10-16T06:11:03: PM2 log: [PM2] Upgrade to version 6.0.13
2025-10-17T06:11:03: PM2 log: [PM2] This PM2 is not UP TO DATE
2025-10-17T06:11:03: PM2 log: [PM2] Upgrade to version 6.0.13
2025-10-18T06:11:03: PM2 log: [PM2] This PM2 is not UP TO DATE
2025-10-18T06:11:03: PM2 log: [PM2] Upgrade to version 6.0.13
2025-10-19T06:11:03: PM2 log: [PM2] This PM2 is not UP TO DATE
2025-10-19T06:11:03: PM2 log: [PM2] Upgrade to version 6.0.13
2025-10-20T06:11:03: PM2 log: [PM2] This PM2 is not UP TO DATE
2025-10-20T06:11:03: PM2 log: [PM2] Upgrade to version 6.0.13
2025-10-21T06:11:03: PM2 log: [PM2] This PM2 is not UP TO DATE
2025-10-21T06:11:03: PM2 log: [PM2] Upgrade to version 6.0.13
2025-10-22T06:11:03: PM2 log: [PM2] This PM2 is not UP TO DATE
2025-10-22T06:11:03: PM2 log: [PM2] Upgrade to version 6.0.13
2025-10-23T06:11:03: PM2 log: [PM2] This PM2 is not UP TO DATE
2025-10-23T06:11:03: PM2 log: [PM2] Upgrade to version 6.0.13
2025-10-24T06:11:03: PM2 log: [PM2] This PM2 is not UP TO DATE
2025-10-24T06:11:03: PM2 log: [PM2] Upgrade to version 6.0.13
2025-10-25T06:11:03: PM2 log: [PM2] This PM2 is not UP TO DATE
2025-10-25T06:11:03: PM2 log: [PM2] Upgrade to version 6.0.13
2025-10-26T06:11:03: PM2 log: [PM2] This PM2 is not UP TO DATE
2025-10-26T06:11:03: PM2 log: [PM2] Upgrade to version 6.0.13
2025-10-27T06:11:03: PM2 log: [PM2] This PM2 is not UP TO DATE
2025-10-27T06:11:03: PM2 log: [PM2] Upgrade to version 6.0.13
2025-10-28T06:11:03: PM2 log: [PM2] This PM2 is not UP TO DATE
2025-10-28T06:11:03: PM2 log: [PM2] Upgrade to version 6.0.13
2025-10-29T06:11:03: PM2 log: [PM2] This PM2 is not UP TO DATE
2025-10-29T06:11:03: PM2 log: [PM2] Upgrade to version 6.0.13
2025-10-30T06:11:03: PM2 log: [PM2] This PM2 is not UP TO DATE
2025-10-30T06:11:03: PM2 log: [PM2] Upgrade to version 6.0.13
2025-10-31T06:11:03: PM2 log: [PM2] This PM2 is not UP TO DATE
2025-10-31T06:11:03: PM2 log: [PM2] Upgrade to version 6.0.13
2025-11-01T06:11:04: PM2 log: [PM2] This PM2 is not UP TO DATE
2025-11-01T06:11:04: PM2 log: [PM2] Upgrade to version 6.0.13
2025-11-02T06:11:03: PM2 log: [PM2] This PM2 is not UP TO DATE
2025-11-02T06:11:03: PM2 log: [PM2] Upgrade to version 6.0.13
2025-11-03T06:11:03: PM2 log: [PM2] This PM2 is not UP TO DATE
2025-11-03T06:11:03: PM2 log: [PM2] Upgrade to version 6.0.13
2025-11-04T06:11:03: PM2 log: [PM2] This PM2 is not UP TO DATE
2025-11-04T06:11:03: PM2 log: [PM2] Upgrade to version 6.0.13
2025-11-05T06:11:03: PM2 log: [PM2] This PM2 is not UP TO DATE
2025-11-05T06:11:03: PM2 log: [PM2] Upgrade to version 6.0.13
2025-11-06T06:11:03: PM2 log: [PM2] This PM2 is not UP TO DATE
2025-11-06T06:11:03: PM2 log: [PM2] Upgrade to version 6.0.13
2025-11-07T06:11:03: PM2 log: [PM2] This PM2 is not UP TO DATE
2025-11-07T06:11:03: PM2 log: [PM2] Upgrade to version 6.0.13
2025-11-08T06:11:03: PM2 log: [PM2] This PM2 is not UP TO DATE
2025-11-08T06:11:03: PM2 log: [PM2] Upgrade to version 6.0.13
2025-11-09T06:11:03: PM2 log: [PM2] This PM2 is not UP TO DATE
2025-11-09T06:11:03: PM2 log: [PM2] Upgrade to version 6.0.13
2025-11-10T06:11:03: PM2 log: [PM2] This PM2 is not UP TO DATE
2025-11-10T06:11:03: PM2 log: [PM2] Upgrade to version 6.0.13
2025-11-11T06:11:03: PM2 log: [PM2] This PM2 is not UP TO DATE
2025-11-11T06:11:03: PM2 log: [PM2] Upgrade to version 6.0.13
2025-11-12T06:11:04: PM2 log: [PM2] This PM2 is not UP TO DATE
2025-11-12T06:11:04: PM2 log: [PM2] Upgrade to version 6.0.13
2025-11-13T06:11:04: PM2 log: [PM2] This PM2 is not UP TO DATE
2025-11-13T06:11:04: PM2 log: [PM2] Upgrade to version 6.0.13
2025-11-14T06:11:03: PM2 log: [PM2] This PM2 is not UP TO DATE
2025-11-14T06:11:03: PM2 log: [PM2] Upgrade to version 6.0.13
2025-11-15T06:11:03: PM2 log: [PM2] This PM2 is not UP TO DATE
2025-11-15T06:11:03: PM2 log: [PM2] Upgrade to version 6.0.13
2025-11-16T06:11:03: PM2 log: [PM2] This PM2 is not UP TO DATE
2025-11-16T06:11:03: PM2 log: [PM2] Upgrade to version 6.0.13
2025-11-17T06:11:04: PM2 log: [PM2] This PM2 is not UP TO DATE
2025-11-17T06:11:04: PM2 log: [PM2] Upgrade to version 6.0.13
2025-11-18T06:11:04: PM2 log: [PM2] This PM2 is not UP TO DATE
2025-11-18T06:11:04: PM2 log: [PM2] Upgrade to version 6.0.13
2025-11-19T06:11:03: PM2 log: [PM2] This PM2 is not UP TO DATE
2025-11-19T06:11:03: PM2 log: [PM2] Upgrade to version 6.0.13
2025-11-20T06:11:04: PM2 log: [PM2] This PM2 is not UP TO DATE
2025-11-20T06:11:04: PM2 log: [PM2] Upgrade to version 6.0.13
2025-11-21T06:11:04: PM2 log: [PM2] This PM2 is not UP TO DATE
2025-11-21T06:11:04: PM2 log: [PM2] Upgrade to version 6.0.13
2025-11-22T06:11:03: PM2 log: [PM2] This PM2 is not UP TO DATE
2025-11-22T06:11:03: PM2 log: [PM2] Upgrade to version 6.0.13
2025-11-23T06:11:03: PM2 log: [PM2] This PM2 is not UP TO DATE
2025-11-23T06:11:03: PM2 log: [PM2] Upgrade to version 6.0.13
2025-11-24T06:11:05: PM2 log: [PM2] This PM2 is not UP TO DATE
2025-11-24T06:11:05: PM2 log: [PM2] Upgrade to version 6.0.13
2025-11-25T06:11:04: PM2 log: [PM2] This PM2 is not UP TO DATE
2025-11-25T06:11:04: PM2 log: [PM2] Upgrade to version 6.0.13
2025-11-26T06:11:04: PM2 log: [PM2] This PM2 is not UP TO DATE
2025-11-26T06:11:04: PM2 log: [PM2] Upgrade to version 6.0.13
2025-11-27T06:11:03: PM2 log: [PM2] This PM2 is not UP TO DATE
2025-11-27T06:11:03: PM2 log: [PM2] Upgrade to version 6.0.14
2025-11-28T06:11:03: PM2 log: [PM2] This PM2 is not UP TO DATE
2025-11-28T06:11:03: PM2 log: [PM2] Upgrade to version 6.0.14
2025-11-29T06:11:04: PM2 log: [PM2] This PM2 is not UP TO DATE
2025-11-29T06:11:04: PM2 log: [PM2] Upgrade to version 6.0.14
2025-11-30T06:11:04: PM2 log: [PM2] This PM2 is not UP TO DATE
2025-11-30T06:11:04: PM2 log: [PM2] Upgrade to version 6.0.14
2025-12-01T06:11:03: PM2 log: [PM2] This PM2 is not UP TO DATE
2025-12-01T06:11:03: PM2 log: [PM2] Upgrade to version 6.0.14
2025-12-02T06:11:04: PM2 log: [PM2] This PM2 is not UP TO DATE
2025-12-02T06:11:04: PM2 log: [PM2] Upgrade to version 6.0.14
2025-12-03T06:11:04: PM2 log: [PM2] This PM2 is not UP TO DATE
2025-12-03T06:11:04: PM2 log: [PM2] Upgrade to version 6.0.14
2025-12-04T06:11:04: PM2 log: [PM2] This PM2 is not UP TO DATE
2025-12-04T06:11:04: PM2 log: [PM2] Upgrade to version 6.0.14
2025-12-05T06:11:04: PM2 log: [PM2] This PM2 is not UP TO DATE
2025-12-05T06:11:04: PM2 log: [PM2] Upgrade to version 6.0.14
2025-12-06T02:35:17: PM2 log: pm2 has been killed by signal, dumping process list before exit...
2025-12-06T02:35:17: PM2 log: Exited peacefully
2025-12-15T02:39:59: PM2 log: ===============================================================================
2025-12-15T02:39:59: PM2 log: --- New PM2 Daemon started ----------------------------------------------------
2025-12-15T02:39:59: PM2 log: Time                 : Mon Dec 15 2025 02:39:59 GMT+0000 (Coordinated Universal Time)
2025-12-15T02:39:59: PM2 log: PM2 version          : 6.0.8
2025-12-15T02:39:59: PM2 log: Node.js version      : 18.20.8
2025-12-15T02:39:59: PM2 log: Current arch         : x64
2025-12-15T02:39:59: PM2 log: PM2 home             : /home/rsudmlb/.pm2
2025-12-15T02:39:59: PM2 log: PM2 PID file         : /home/rsudmlb/.pm2/pm2.pid
2025-12-15T02:39:59: PM2 log: RPC socket file      : /home/rsudmlb/.pm2/rpc.sock
2025-12-15T02:39:59: PM2 log: BUS socket file      : /home/rsudmlb/.pm2/pub.sock
2025-12-15T02:39:59: PM2 log: Application log path : /home/rsudmlb/.pm2/logs
2025-12-15T02:39:59: PM2 log: Worker Interval      : 30000
2025-12-15T02:39:59: PM2 log: Process dump file    : /home/rsudmlb/.pm2/dump.pm2
2025-12-15T02:39:59: PM2 log: Concurrent actions   : 2
2025-12-15T02:39:59: PM2 log: SIGTERM timeout      : 1600
2025-12-15T02:39:59: PM2 log: Runtime Binary       : /usr/local/bin/node
2025-12-15T02:39:59: PM2 log: ===============================================================================
2025-12-16T02:40:00: PM2 log: [PM2] This PM2 is not UP TO DATE
2025-12-16T02:40:00: PM2 log: [PM2] Upgrade to version 6.0.14
2025-12-17T02:40:04: PM2 log: [PM2] This PM2 is not UP TO DATE
2025-12-17T02:40:04: PM2 log: [PM2] Upgrade to version 6.0.14
2025-12-18T02:40:00: PM2 log: [PM2] This PM2 is not UP TO DATE
2025-12-18T02:40:00: PM2 log: [PM2] Upgrade to version 6.0.14
2025-12-19T02:40:01: PM2 log: [PM2] This PM2 is not UP TO DATE
2025-12-19T02:40:01: PM2 log: [PM2] Upgrade to version 6.0.14
2025-12-20T02:40:01: PM2 log: [PM2] This PM2 is not UP TO DATE
2025-12-20T02:40:01: PM2 log: [PM2] Upgrade to version 6.0.14
2025-12-21T02:40:01: PM2 log: [PM2] This PM2 is not UP TO DATE
2025-12-21T02:40:01: PM2 log: [PM2] Upgrade to version 6.0.14
2025-12-22T02:40:01: PM2 log: [PM2] This PM2 is not UP TO DATE
2025-12-22T02:40:01: PM2 log: [PM2] Upgrade to version 6.0.14
2025-12-23T02:40:01: PM2 log: [PM2] This PM2 is not UP TO DATE
2025-12-23T02:40:01: PM2 log: [PM2] Upgrade to version 6.0.14
2025-12-24T02:40:07: PM2 log: [PM2] This PM2 is not UP TO DATE
2025-12-24T02:40:07: PM2 log: [PM2] Upgrade to version 6.0.14
2025-12-25T02:40:01: PM2 log: [PM2] This PM2 is not UP TO DATE
2025-12-25T02:40:01: PM2 log: [PM2] Upgrade to version 6.0.14
2025-12-26T02:40:01: PM2 log: [PM2] This PM2 is not UP TO DATE
2025-12-26T02:40:01: PM2 log: [PM2] Upgrade to version 6.0.14
2025-12-27T02:40:01: PM2 log: [PM2] This PM2 is not UP TO DATE
2025-12-27T02:40:01: PM2 log: [PM2] Upgrade to version 6.0.14
2025-12-28T02:40:01: PM2 log: [PM2] This PM2 is not UP TO DATE
2025-12-28T02:40:01: PM2 log: [PM2] Upgrade to version 6.0.14
2025-12-29T02:40:01: PM2 log: [PM2] This PM2 is not UP TO DATE
2025-12-29T02:40:01: PM2 log: [PM2] Upgrade to version 6.0.14
2025-12-30T02:40:01: PM2 log: [PM2] This PM2 is not UP TO DATE
2025-12-30T02:40:01: PM2 log: [PM2] Upgrade to version 6.0.14
2025-12-31T02:40:01: PM2 log: [PM2] This PM2 is not UP TO DATE
2025-12-31T02:40:01: PM2 log: [PM2] Upgrade to version 6.0.14
2026-01-01T02:40:01: PM2 log: [PM2] This PM2 is not UP TO DATE
2026-01-01T02:40:01: PM2 log: [PM2] Upgrade to version 6.0.14
2026-01-02T02:40:01: PM2 log: [PM2] This PM2 is not UP TO DATE
2026-01-02T02:40:01: PM2 log: [PM2] Upgrade to version 6.0.14
2026-01-03T02:40:01: PM2 log: [PM2] This PM2 is not UP TO DATE
2026-01-03T02:40:01: PM2 log: [PM2] Upgrade to version 6.0.14
2026-01-04T02:40:01: PM2 log: [PM2] This PM2 is not UP TO DATE
2026-01-04T02:40:01: PM2 log: [PM2] Upgrade to version 6.0.14
2026-01-05T02:40:01: PM2 log: [PM2] This PM2 is not UP TO DATE
2026-01-05T02:40:01: PM2 log: [PM2] Upgrade to version 6.0.14
2026-01-06T02:40:02: PM2 log: [PM2] This PM2 is not UP TO DATE
2026-01-06T02:40:02: PM2 log: [PM2] Upgrade to version 6.0.14
2026-01-07T02:40:01: PM2 log: [PM2] This PM2 is not UP TO DATE
2026-01-07T02:40:01: PM2 log: [PM2] Upgrade to version 6.0.14
2026-01-08T02:40:01: PM2 log: [PM2] This PM2 is not UP TO DATE
2026-01-08T02:40:01: PM2 log: [PM2] Upgrade to version 6.0.14
2026-01-09T02:40:02: PM2 log: [PM2] This PM2 is not UP TO DATE
2026-01-09T02:40:02: PM2 log: [PM2] Upgrade to version 6.0.14
2026-01-10T02:40:01: PM2 log: [PM2] This PM2 is not UP TO DATE
2026-01-10T02:40:01: PM2 log: [PM2] Upgrade to version 6.0.14
2026-01-11T02:40:02: PM2 log: [PM2] This PM2 is not UP TO DATE
2026-01-11T02:40:02: PM2 log: [PM2] Upgrade to version 6.0.14
2026-01-12T02:40:02: PM2 log: [PM2] This PM2 is not UP TO DATE
2026-01-12T02:40:02: PM2 log: [PM2] Upgrade to version 6.0.14
2026-01-13T02:40:02: PM2 log: [PM2] This PM2 is not UP TO DATE
2026-01-13T02:40:02: PM2 log: [PM2] Upgrade to version 6.0.14
2026-01-14T02:40:02: PM2 log: [PM2] This PM2 is not UP TO DATE
2026-01-14T02:40:02: PM2 log: [PM2] Upgrade to version 6.0.14
2026-01-15T02:40:03: PM2 log: [PM2] This PM2 is not UP TO DATE
2026-01-15T02:40:03: PM2 log: [PM2] Upgrade to version 6.0.14
2026-01-16T02:40:03: PM2 log: [PM2] This PM2 is not UP TO DATE
2026-01-16T02:40:03: PM2 log: [PM2] Upgrade to version 6.0.14
2026-01-17T02:40:02: PM2 log: [PM2] This PM2 is not UP TO DATE
2026-01-17T02:40:02: PM2 log: [PM2] Upgrade to version 6.0.14
2026-01-18T02:40:02: PM2 log: [PM2] This PM2 is not UP TO DATE
2026-01-18T02:40:02: PM2 log: [PM2] Upgrade to version 6.0.14
2026-01-19T02:40:03: PM2 log: [PM2] This PM2 is not UP TO DATE
2026-01-19T02:40:03: PM2 log: [PM2] Upgrade to version 6.0.14
2026-01-20T02:40:04: PM2 log: [PM2] This PM2 is not UP TO DATE
2026-01-20T02:40:04: PM2 log: [PM2] Upgrade to version 6.0.14
2026-01-21T02:40:02: PM2 log: [PM2] This PM2 is not UP TO DATE
2026-01-21T02:40:02: PM2 log: [PM2] Upgrade to version 6.0.14
2026-01-22T02:40:02: PM2 log: [PM2] This PM2 is not UP TO DATE
2026-01-22T02:40:02: PM2 log: [PM2] Upgrade to version 6.0.14
2026-01-23T02:40:01: PM2 log: [PM2] This PM2 is not UP TO DATE
2026-01-23T02:40:01: PM2 log: [PM2] Upgrade to version 6.0.14
2026-01-24T02:40:01: PM2 log: [PM2] This PM2 is not UP TO DATE
2026-01-24T02:40:01: PM2 log: [PM2] Upgrade to version 6.0.14
2026-01-25T02:40:02: PM2 log: [PM2] This PM2 is not UP TO DATE
2026-01-25T02:40:02: PM2 log: [PM2] Upgrade to version 6.0.14
2026-01-26T02:40:02: PM2 log: [PM2] This PM2 is not UP TO DATE
2026-01-26T02:40:02: PM2 log: [PM2] Upgrade to version 6.0.14
2026-01-27T02:40:02: PM2 log: [PM2] This PM2 is not UP TO DATE
2026-01-27T02:40:02: PM2 log: [PM2] Upgrade to version 6.0.14
2026-01-28T02:40:02: PM2 log: [PM2] This PM2 is not UP TO DATE
2026-01-28T02:40:02: PM2 log: [PM2] Upgrade to version 6.0.14
2026-01-29T02:40:02: PM2 log: [PM2] This PM2 is not UP TO DATE
2026-01-29T02:40:02: PM2 log: [PM2] Upgrade to version 6.0.14
2026-01-30T02:40:02: PM2 log: [PM2] This PM2 is not UP TO DATE
2026-01-30T02:40:02: PM2 log: [PM2] Upgrade to version 6.0.14
2026-01-31T02:40:02: PM2 log: [PM2] This PM2 is not UP TO DATE
2026-01-31T02:40:02: PM2 log: [PM2] Upgrade to version 6.0.14
2026-02-01T02:40:02: PM2 log: [PM2] This PM2 is not UP TO DATE
2026-02-01T02:40:02: PM2 log: [PM2] Upgrade to version 6.0.14
2026-02-02T02:40:03: PM2 log: [PM2] This PM2 is not UP TO DATE
2026-02-02T02:40:03: PM2 log: [PM2] Upgrade to version 6.0.14
2026-02-03T02:40:02: PM2 log: [PM2] This PM2 is not UP TO DATE
2026-02-03T02:40:02: PM2 log: [PM2] Upgrade to version 6.0.14
2026-02-04T02:40:02: PM2 log: [PM2] This PM2 is not UP TO DATE
2026-02-04T02:40:02: PM2 log: [PM2] Upgrade to version 6.0.14
